// Jest Snapshot v1, https://goo.gl/fbAQLP

exports[`Hello (Snapshot) Hello renders hello world 1`] = `
<h1>
  Hello, world!
</h1>
`;
